{
    "readcdhout": {
        "content": [
            {
                "0": [
                    [
                        {
                            "id": "test1",
                            "single_end": false
                        },
                        "test1_clusters.summary:md5,f4ae7cb20d86c89197bdf7a2dea31824"
                    ]
                ],
                "1": [
                    "test1_clusters.summary:md5,f4ae7cb20d86c89197bdf7a2dea31824"
                ],
                "2": [
                    "versions.yml:md5,67cb59bec2e65dd365339b6ee45ee2d0"
                ],
                "summary": [
                    [
                        {
                            "id": "test1",
                            "single_end": false
                        },
                        "test1_clusters.summary:md5,f4ae7cb20d86c89197bdf7a2dea31824"
                    ]
                ],
                "summaryonly": [
                    "test1_clusters.summary:md5,f4ae7cb20d86c89197bdf7a2dea31824"
                ],
                "versions": [
                    "versions.yml:md5,67cb59bec2e65dd365339b6ee45ee2d0"
                ]
            }
        ],
        "meta": {
            "nf-test": "0.9.2",
            "nextflow": "25.04.8"
        },
        "timestamp": "2026-10-07T17:35:59.353521"
    }
}