{
    "-profile test": {
        "content": [
            {
                "AGGREGATE_STATS": {
                    "quarto": "1.4.550"
                },
                "CDHIT_CDHIT": {
                    "cdhit": "4.8.1"
                },
                "CUTADAPT": {
                    "cutadapt": 4.9
                },
                "FASTQC": {
                    "fastqc": "0.12.1"
                },
                "FLASH": {
                    "flash": "1.2.11"
                },
                "NANOCDRX": {
                    "nanocdr-x": "1.0.0"
                },
                "NANOREPERTOIRE_REPORT": {
                    "python": "3.14.4"
                },
                "NANOTRANSLATE": {
                    "biopython": 1.78
                },
                "READCDHIT": {
                    "biopython": 1.78
                },
                "RENAME": {
                    "seqtk": "1.4-r122"
                },
                "Workflow": {
                    "lescailab/nanorepertoire": "v1.0.0"
                }
            },
            [
                "aggregate_stats",
                "aggregate_stats/analysis_report.html",
                "aggregate_stats/cdr3_boost_overview_table.tsv",
                "aggregate_stats/cdrcounts.csv",
                "aggregate_stats/cdrhists.csv",
                "aggregate_stats/clusterbig.csv",
                "aggregate_stats/clustercounts.csv",
                "aggregate_stats/fastaSeq.csv",
                "aggregate_stats/nanobodies_report.RData",
                "aggregate_stats/sampledata.tsv",
                "cdhit",
                "cdhit/sample01.fasta",
                "cdhit/sample01.fasta.clstr",
                "cdhit/sample02.fasta",
                "cdhit/sample02.fasta.clstr",
                "cutadapt",
                "cutadapt/sample01.cutadapt.log",
                "cutadapt/sample01_1.trim.fastq.gz",
                "cutadapt/sample01_2.trim.fastq.gz",
                "cutadapt/sample02.cutadapt.log",
                "cutadapt/sample02_1.trim.fastq.gz",
                "cutadapt/sample02_2.trim.fastq.gz",
                "fastqc",
                "fastqc/sample01_1_fastqc.html",
                "fastqc/sample01_1_fastqc.zip",
                "fastqc/sample01_2_fastqc.html",
                "fastqc/sample01_2_fastqc.zip",
                "fastqc/sample02_1_fastqc.html",
                "fastqc/sample02_1_fastqc.zip",
                "fastqc/sample02_2_fastqc.html",
                "fastqc/sample02_2_fastqc.zip",
                "flash",
                "flash/sample01.extendedFrags.fastq.gz",
                "flash/sample01.hist",
                "flash/sample01.notCombined_1.fastq.gz",
                "flash/sample01.notCombined_2.fastq.gz",
                "flash/sample02.extendedFrags.fastq.gz",
                "flash/sample02.hist",
                "flash/sample02.notCombined_1.fastq.gz",
                "flash/sample02.notCombined_2.fastq.gz",
                "multiqc",
                "multiqc/multiqc_data",
                "multiqc/multiqc_data/fastqc-status-check-heatmap.txt",
                "multiqc/multiqc_data/fastqc_adapter_content_plot.txt",
                "multiqc/multiqc_data/fastqc_overrepresented_sequences_plot.txt",
                "multiqc/multiqc_data/fastqc_per_base_n_content_plot.txt",
                "multiqc/multiqc_data/fastqc_per_base_sequence_quality_plot.txt",
                "multiqc/multiqc_data/fastqc_per_sequence_gc_content_plot_Counts.txt",
                "multiqc/multiqc_data/fastqc_per_sequence_gc_content_plot_Percentages.txt",
                "multiqc/multiqc_data/fastqc_per_sequence_quality_scores_plot.txt",
                "multiqc/multiqc_data/fastqc_sequence_counts_plot.txt",
                "multiqc/multiqc_data/fastqc_sequence_duplication_levels_plot.txt",
                "multiqc/multiqc_data/fastqc_top_overrepresented_sequences_table.txt",
                "multiqc/multiqc_data/llms-full.txt",
                "multiqc/multiqc_data/multiqc.log",
                "multiqc/multiqc_data/multiqc.parquet",
                "multiqc/multiqc_data/multiqc_citations.txt",
                "multiqc/multiqc_data/multiqc_data.json",
                "multiqc/multiqc_data/multiqc_fastqc.txt",
                "multiqc/multiqc_data/multiqc_general_stats.txt",
                "multiqc/multiqc_data/multiqc_software_versions.txt",
                "multiqc/multiqc_data/multiqc_sources.txt",
                "multiqc/multiqc_plots",
                "multiqc/multiqc_plots/pdf",
                "multiqc/multiqc_plots/pdf/fastqc-status-check-heatmap.pdf",
                "multiqc/multiqc_plots/pdf/fastqc_adapter_content_plot.pdf",
                "multiqc/multiqc_plots/pdf/fastqc_overrepresented_sequences_plot.pdf",
                "multiqc/multiqc_plots/pdf/fastqc_per_base_n_content_plot.pdf",
                "multiqc/multiqc_plots/pdf/fastqc_per_base_sequence_quality_plot.pdf",
                "multiqc/multiqc_plots/pdf/fastqc_per_sequence_gc_content_plot_Counts.pdf",
                "multiqc/multiqc_plots/pdf/fastqc_per_sequence_gc_content_plot_Percentages.pdf",
                "multiqc/multiqc_plots/pdf/fastqc_per_sequence_quality_scores_plot.pdf",
                "multiqc/multiqc_plots/pdf/fastqc_sequence_counts_plot-cnt.pdf",
                "multiqc/multiqc_plots/pdf/fastqc_sequence_counts_plot-pct.pdf",
                "multiqc/multiqc_plots/pdf/fastqc_sequence_duplication_levels_plot.pdf",
                "multiqc/multiqc_plots/pdf/fastqc_top_overrepresented_sequences_table.pdf",
                "multiqc/multiqc_plots/png",
                "multiqc/multiqc_plots/png/fastqc-status-check-heatmap.png",
                "multiqc/multiqc_plots/png/fastqc_adapter_content_plot.png",
                "multiqc/multiqc_plots/png/fastqc_overrepresented_sequences_plot.png",
                "multiqc/multiqc_plots/png/fastqc_per_base_n_content_plot.png",
                "multiqc/multiqc_plots/png/fastqc_per_base_sequence_quality_plot.png",
                "multiqc/multiqc_plots/png/fastqc_per_sequence_gc_content_plot_Counts.png",
                "multiqc/multiqc_plots/png/fastqc_per_sequence_gc_content_plot_Percentages.png",
                "multiqc/multiqc_plots/png/fastqc_per_sequence_quality_scores_plot.png",
                "multiqc/multiqc_plots/png/fastqc_sequence_counts_plot-cnt.png",
                "multiqc/multiqc_plots/png/fastqc_sequence_counts_plot-pct.png",
                "multiqc/multiqc_plots/png/fastqc_sequence_duplication_levels_plot.png",
                "multiqc/multiqc_plots/png/fastqc_top_overrepresented_sequences_table.png",
                "multiqc/multiqc_plots/svg",
                "multiqc/multiqc_plots/svg/fastqc-status-check-heatmap.svg",
                "multiqc/multiqc_plots/svg/fastqc_adapter_content_plot.svg",
                "multiqc/multiqc_plots/svg/fastqc_overrepresented_sequences_plot.svg",
                "multiqc/multiqc_plots/svg/fastqc_per_base_n_content_plot.svg",
                "multiqc/multiqc_plots/svg/fastqc_per_base_sequence_quality_plot.svg",
                "multiqc/multiqc_plots/svg/fastqc_per_sequence_gc_content_plot_Counts.svg",
                "multiqc/multiqc_plots/svg/fastqc_per_sequence_gc_content_plot_Percentages.svg",
                "multiqc/multiqc_plots/svg/fastqc_per_sequence_quality_scores_plot.svg",
                "multiqc/multiqc_plots/svg/fastqc_sequence_counts_plot-cnt.svg",
                "multiqc/multiqc_plots/svg/fastqc_sequence_counts_plot-pct.svg",
                "multiqc/multiqc_plots/svg/fastqc_sequence_duplication_levels_plot.svg",
                "multiqc/multiqc_plots/svg/fastqc_top_overrepresented_sequences_table.svg",
                "multiqc/multiqc_report.html",
                "nanocdrx",
                "nanocdrx/sample01_cdr3.fasta",
                "nanocdrx/sample01_cdr3.hist",
                "nanocdrx/sample01_cdr3.tsv",
                "nanocdrx/sample01_cdr3_summary.tsv",
                "nanocdrx/sample02_cdr3.fasta",
                "nanocdrx/sample02_cdr3.hist",
                "nanocdrx/sample02_cdr3.tsv",
                "nanocdrx/sample02_cdr3_summary.tsv",
                "nanotranslate",
                "nanotranslate/sample01_AA_translated.fasta",
                "nanotranslate/sample01_AA_translated.fasta.log",
                "nanotranslate/sample01_AA_translated.log",
                "nanotranslate/sample02_AA_translated.fasta",
                "nanotranslate/sample02_AA_translated.fasta.log",
                "nanotranslate/sample02_AA_translated.log",
                "pipeline_info",
                "pipeline_info/nf_core_nanorepertoire_software_mqc_versions.yml",
                "readcdhit",
                "readcdhit/sample01_clusters.summary",
                "readcdhit/sample02_clusters.summary",
                "rename",
                "rename/sample01_renamed.fastq.gz",
                "rename/sample02_renamed.fastq.gz",
                "report",
                "report/cdr3_boundary_offsets.tsv",
                "report/cdr3_boundary_qc.tsv",
                "report/nanorepertoire_report.html"
            ],
            [
                "analysis_report.html:md5,b6226e8737bbd276def95695837b2808",
                "cdr3_boost_overview_table.tsv:md5,921cc8b9e1e7a31dd99fb89927de24e6",
                "cdrcounts.csv:md5,0b970af9cd5be0688422ae2a12942caa",
                "cdrhists.csv:md5,d741fc464318c046369fcda9061a18bf",
                "clusterbig.csv:md5,7eb7c413f46aadad8afdcce1df35ee7d",
                "clustercounts.csv:md5,f45ac6dfe00f894e5ca653201c8ff93c",
                "fastaSeq.csv:md5,3214eddf338bea1e74cdb75f7bb03cb7",
                "sampledata.tsv:md5,8fec0b1c36eee56d3c6f72c4b75043b0",
                "sample01.fasta:md5,425679d4e548808dd5b1437ff8782d94",
                "sample01.fasta.clstr:md5,2407446e883da695d3822b0d4973426c",
                "sample02.fasta:md5,2aa3b2795521b6d4de412e225d389ed1",
                "sample02.fasta.clstr:md5,1ca3f576fe2f5485271a363167e5636e",
                "sample01_1.trim.fastq.gz:md5,59230cd0ddccbcc2570da094a0d11979",
                "sample01_2.trim.fastq.gz:md5,7a43f31adca405c0730727ca226b10fc",
                "sample02_1.trim.fastq.gz:md5,abc5f1bec32d1a8beb4eeba9c95d2d50",
                "sample02_2.trim.fastq.gz:md5,e6ca95b155a897e8fea56f46164b1589",
                "sample01.extendedFrags.fastq.gz:md5,7d6b403fc6f596dd82954587502803b1",
                "sample01.hist:md5,f282f00ffbdf823611ab0f70e98488e0",
                "sample01.notCombined_1.fastq.gz:md5,68543a14524a0cf33431f72eeee5634e",
                "sample01.notCombined_2.fastq.gz:md5,4070023298e55915d272213a5705e109",
                "sample02.extendedFrags.fastq.gz:md5,d26da2c49c6278c0b29454e36369e53f",
                "sample02.hist:md5,6cc720285fe417f7d54d07d962020adc",
                "sample02.notCombined_1.fastq.gz:md5,0e7d32560f7e7af9176d00aca26901aa",
                "sample02.notCombined_2.fastq.gz:md5,6aaebd9218ed1ccac42ac42fb16a85da",
                "fastqc-status-check-heatmap.txt:md5,f0b1c7936e5a299cb1ed02907805a929",
                "fastqc_adapter_content_plot.txt:md5,54755e5aef9025e55743ea9fd5eaf097",
                "fastqc_overrepresented_sequences_plot.txt:md5,891db46a3757aa63cb188158e79c1bf3",
                "fastqc_per_base_n_content_plot.txt:md5,40f4b534f760d8bd47d4cbf4898724c0",
                "fastqc_per_base_sequence_quality_plot.txt:md5,48082f4b943e93784543f85125b03689",
                "fastqc_per_sequence_gc_content_plot_Counts.txt:md5,911a60be41234ef6e12e59a368e70f8c",
                "fastqc_per_sequence_gc_content_plot_Percentages.txt:md5,4d552da4ad892381befa3490b5cf3771",
                "fastqc_per_sequence_quality_scores_plot.txt:md5,ee21d0297cb171f23b64c3c29d30524a",
                "fastqc_sequence_counts_plot.txt:md5,1564476fcf8fb8219f9f2aaebe2b046f",
                "fastqc_sequence_duplication_levels_plot.txt:md5,539262ea6fa7f8047db749f642dd5cd2",
                "multiqc_citations.txt:md5,4c806e63a283ec1b7e78cdae3a923d4f",
                "multiqc_fastqc.txt:md5,8d58a776c90456a1379d149dc52c19d3",
                "multiqc_general_stats.txt:md5,d6ddb7a49d90c11d580e30759786b5a0",
                "sample01_cdr3.fasta:md5,20c115084fe5b9644077963f5b8f3511",
                "sample01_cdr3.hist:md5,cc449654a026cacbd7d2d1eb4515e7be",
                "sample01_cdr3.tsv:md5,6530e872523c543668cf58c090c327f4",
                "sample01_cdr3_summary.tsv:md5,1b0beb5800e9ea9439b3422a6ff4aca6",
                "sample02_cdr3.fasta:md5,c0334fa47ed0341316cdc7e998be5528",
                "sample02_cdr3.hist:md5,9664e7f3deacbf4c843b0661c6d4d9f0",
                "sample02_cdr3.tsv:md5,1877ea32829484a677af5590cc700d4f",
                "sample02_cdr3_summary.tsv:md5,6b8e2dc87106fff4d778b045b42bb79c",
                "sample01_AA_translated.fasta:md5,f6261b0c6780a6535e224a6aa74ecd10",
                "sample01_AA_translated.fasta.log:md5,3e28855e702fb45c4ef018de664e3d59",
                "sample01_AA_translated.log:md5,d41d8cd98f00b204e9800998ecf8427e",
                "sample02_AA_translated.fasta:md5,0553b1c1129bb9d8c2c4dfa79402af84",
                "sample02_AA_translated.fasta.log:md5,fe71105b1ba625ed5d5213c01f82b707",
                "sample02_AA_translated.log:md5,d41d8cd98f00b204e9800998ecf8427e",
                "sample01_clusters.summary:md5,667bdde4c4c812e7b321ee4690dd4b21",
                "sample02_clusters.summary:md5,d3652c4fa87dac9a2dc8017a3a3a5e03",
                "sample01_renamed.fastq.gz:md5,8fdf247615c140abe7425e3ad26a1ad3",
                "sample02_renamed.fastq.gz:md5,4f2f9bea1772f44373fb5b79a9374a67",
                "cdr3_boundary_offsets.tsv:md5,c8a5029e6c2d0c0cb6686b73b264eaec",
                "cdr3_boundary_qc.tsv:md5,35aafea139e227cfe40c48073a82a200",
                "nanorepertoire_report.html:md5,4066de45fc3c1b4e97182187c6b321bc"
            ]
        ],
        "meta": {
            "nf-test": "0.9.2",
            "nextflow": "25.04.8"
        },
        "timestamp": "2026-10-08T14:42:58.899101"
    }
}