{
    "rename-single_end": {
        "content": [
            {
                "0": [
                    [
                        {
                            "id": "test1",
                            "single_end": false
                        },
                        "test1_renamed.fastq.gz:md5,8e9af61ac568883a387b0cdf71835f72"
                    ]
                ],
                "1": [
                    "versions.yml:md5,1460a90dcbff1ba482b489c13d892ccf"
                ],
                "renamed": [
                    [
                        {
                            "id": "test1",
                            "single_end": false
                        },
                        "test1_renamed.fastq.gz:md5,8e9af61ac568883a387b0cdf71835f72"
                    ]
                ],
                "versions": [
                    "versions.yml:md5,1460a90dcbff1ba482b489c13d892ccf"
                ]
            }
        ],
        "meta": {
            "nf-test": "0.9.2",
            "nextflow": "25.04.8"
        },
        "timestamp": "2026-10-07T17:36:37.448917"
    }
}